client/src/components/VoiceTaskModal.tsx(247,28): error TS2552: Cannot find name 'Clock'. Did you mean 'Lock'?
client/src/lib/voiceCommands.ts(88,13): error TS2322: Type 'Date | null' is not assignable to type 'Date | undefined'.
  Type 'null' is not assignable to type 'Date | undefined'.
client/src/lib/voiceCommands.ts(216,7): error TS2322: Type 'Date | null' is not assignable to type 'Date | undefined'.
  Type 'null' is not assignable to type 'Date | undefined'.
